App.tsx(504,47): error TS2741: Property 'config' is missing in type '{ payrollHistory: PayrollResult[]; employees: Employee[]; companyProfile: CompanyProfile; showAlert: (type: ModalType, title: string, message: ReactNode, onConfirm?: () => void, onSecondaryConfirm?: () => void, confirmLabel?: string, secondaryConfirmLabel?: string, cancelLabel?: string, autoCloseSecs?: number) => vo...' but required in type 'MISDashboardProps'.
components/Login.tsx(113,90): error TS1343: The 'import.meta' meta-property is only allowed when the '--module' option is 'es2020', 'es2022', 'esnext', 'system', 'node16', 'node18', or 'nodenext'.
components/Login.tsx(113,130): error TS1343: The 'import.meta' meta-property is only allowed when the '--module' option is 'es2020', 'es2022', 'esnext', 'system', 'node16', 'node18', or 'nodenext'.
components/Login.tsx(420,62): error TS1343: The 'import.meta' meta-property is only allowed when the '--module' option is 'es2020', 'es2022', 'esnext', 'system', 'node16', 'node18', or 'nodenext'.
components/Login.tsx(434,102): error TS1343: The 'import.meta' meta-property is only allowed when the '--module' option is 'es2020', 'es2022', 'esnext', 'system', 'node16', 'node18', or 'nodenext'.
components/Login.tsx(434,142): error TS1343: The 'import.meta' meta-property is only allowed when the '--module' option is 'es2020', 'es2022', 'esnext', 'system', 'node16', 'node18', or 'nodenext'.
components/Settings.tsx(780,74): error TS2802: Type 'Uint8Array<ArrayBuffer>' can only be iterated through when using the '--downlevelIteration' flag or with a '--target' of 'es2015' or higher.
services/licenseService.ts(384,18): error TS1343: The 'import.meta' meta-property is only allowed when the '--module' option is 'es2020', 'es2022', 'esnext', 'system', 'node16', 'node18', or 'nodenext'.
services/licenseService.ts(384,50): error TS1343: The 'import.meta' meta-property is only allowed when the '--module' option is 'es2020', 'es2022', 'esnext', 'system', 'node16', 'node18', or 'nodenext'.
